// Vitest Snapshot v1, https://vitest.dev/guide/snapshot.html

exports[`renders correctly 1`] = `
<a
  href="https://aspect.build"
>
  Aspect
</a>
`;
